// Jest Snapshot v1, https://goo.gl/fbAQLP

exports[`<Button /> should match the snapshot 1`] = `"<div class=\\"sc-bdVaJa lkGCXV Button\\">TEST</div>"`;
