// Jest Snapshot v1, https://goo.gl/fbAQLP

exports[`<Loading /> should match the snapshot 1`] = `"<div class=\\"sc-bdVaJa bFfBso Loading\\"></div>"`;
