// Jest Snapshot v1, https://goo.gl/fbAQLP

exports[`<LoginButton /> should match the snapshot 1`] = `"<div class=\\"LoginButton\\"><div class=\\"sc-bdVaJa lkGCXV Button\\">LOGIN TO SPOTIFY</div></div>"`;
